// Jest Snapshot v1, https://goo.gl/fbAQLP

exports[`src/cli/schema execute accepts urls 1`] = `
"/**
* Generated code, DO NOT modify directly.
*/
/* eslint-disable @typescript-eslint/no-empty-interface */

export interface Fact {
  id?: number;
  name?: string;
  type?: FactType;
}

export enum FactType {
  BOOLEAN = 'BOOLEAN',
  INT = 'INT',
  LIST = 'LIST',
  STRING = 'STRING',
}

export interface HistoryItem {
  ctime?: number;
  hostName?: string;
  id?: string;
}

export type List = Array<{
}>;

export type ListHistoryItem = Array<HistoryItem>;

export type ListPolicy = Array<Policy>;

export type ListUUID = Array<string>;

export interface MapStringString {
  [key: string]: string;
}

export interface Meta {
  count?: number;
}

export interface PagedResponseOfHistoryItem {
  data?: ListHistoryItem;
  links?: MapStringString;
  meta?: Meta;
}

export interface PagedResponseOfPolicy {
  data?: ListPolicy;
  links?: MapStringString;
  meta?: Meta;
}

export interface Policy {
  actions?: string;
  conditions: string;
  ctime?: string;
  description?: string;
  id?: Uuid;
  isEnabled?: boolean;
  lastTriggered?: number;
  mtime?: string;
  name: string;
}

export type Uuid = string;

"
`;

exports[`src/cli/schema execute accepts urls 2`] = `
"/**
* Generated code, DO NOT modify directly.
*/
/* eslint-disable max-len */

import { actionBuilder } from '@redhat-cloud-services/insights-common-typescript';
import { Action } from 'react-fetching-library';
import * as schemas from './Types';

export interface UseGetPoliciesParams {
    filterOpDescription?: 'equal' | 'like' | 'ilike' | 'not_equal';
    filterOpName?: 'equal' | 'like' | 'ilike' | 'not_equal';
    filterDescription?: string;
    filterIsEnabled?: 'true' | 'false';
    filterName?: string;
    limit?: number;
    offset?: number;
    sortColumn?: 'name' | 'description' | 'is_enabled' | 'mtime';
    sortDirection?: 'asc' | 'desc';
}

export interface UsePostPoliciesParams {
    body?: schemas.Policy;
    alsoStore?: boolean;
}

export interface UseGetPoliciesIdsParams {
    filterOpDescription?: 'equal' | 'like' | 'ilike' | 'not_equal';
    filterOpName?: 'equal' | 'like' | 'ilike' | 'not_equal';
    filterDescription?: string;
    filterIsEnabled?: 'true' | 'false';
    filterName?: string;
}

export interface UseDeletePoliciesIdsParams {
    body?: schemas.ListUUID;
}

export interface UsePostPoliciesIdsEnabledParams {
    body?: schemas.ListUUID;
    enabled?: boolean;
}

export interface UsePostPoliciesValidateParams {
    body?: schemas.Policy;
}

export interface UsePostPoliciesValidateNameParams {
    body?: string;
    id?: schemas.Uuid;
}

export interface UseGetPoliciesByIdParams {
    id: schemas.Uuid;
}

export interface UseDeletePoliciesByIdParams {
    id: schemas.Uuid;
}

export interface UsePostPoliciesByIdEnabledParams {
    id: schemas.Uuid;
    enabled?: boolean;
}

export interface UseGetPoliciesByIdHistoryTriggerParams {
    id: schemas.Uuid;
    filterOpId?: 'equal' | 'not_equal' | 'like';
    filterOpName?: 'equal' | 'like' | 'not_equal';
    filterId?: string;
    filterName?: string;
    limit?: number;
    offset?: number;
    sortColumn?: 'hostName' | 'id' | 'ctime';
    sortDirection?: 'asc' | 'desc';
}

export interface UsePutPoliciesByPolicyIdParams {
    body?: schemas.Policy;
    policyId: schemas.Uuid;
    dry?: boolean;
}

/** Just a filler to have a defined return code for the base path */
export const actionGet = (): Action<unknown> => {
    const path = '/api/policies/v1.0/';

    const query = {} as Record<string, any>;

    return actionBuilder('GET', path)
    .queryParams(query)
    .build();
};

/** Retrieve a list of fact (keys) along with their data types */
export const actionGetFacts = (): Action<Array<schemas.Fact> | unknown> => {
    const path = '/api/policies/v1.0/facts';

    const query = {} as Record<string, any>;

    return actionBuilder('GET', path)
    .queryParams(query)
    .build();
};

/** Return all policies for a given account */
export const actionGetPolicies = (params: UseGetPoliciesParams): Action<schemas.PagedResponseOfPolicy | unknown> => {
    const path = '/api/policies/v1.0/policies';

    const query = {} as Record<string, any>;
    query['filter:op[description]'] = params.filterOpDescription;
    query['filter:op[name]'] = params.filterOpName;
    query['filter[description]'] = params.filterDescription;
    query['filter[is_enabled]'] = params.filterIsEnabled;
    query['filter[name]'] = params.filterName;
    query.limit = params.limit;
    query.offset = params.offset;
    query.sortColumn = params.sortColumn;
    query.sortDirection = params.sortDirection;

    return actionBuilder('GET', path)
    .queryParams(query)
    .build();
};

/** Validate (and possibly persist) a passed policy for the given account */
export const actionPostPolicies = (params: UsePostPoliciesParams): Action<schemas.Policy | {
  msg?: string;
} | {
  msg?: string;
} | unknown> => {
    const path = '/api/policies/v1.0/policies';

    const query = {} as Record<string, any>;
    query.alsoStore = params.alsoStore;

    return actionBuilder('POST', path)
    .queryParams(query)
    .data(params.body)
    .build();
};

/** Return all policy ids for a given account after applying the filters */
export const actionGetPoliciesIds = (params: UseGetPoliciesIdsParams): Action<schemas.List | unknown> => {
    const path = '/api/policies/v1.0/policies/ids';

    const query = {} as Record<string, any>;
    query['filter:op[description]'] = params.filterOpDescription;
    query['filter:op[name]'] = params.filterOpName;
    query['filter[description]'] = params.filterDescription;
    query['filter[is_enabled]'] = params.filterIsEnabled;
    query['filter[name]'] = params.filterName;

    return actionBuilder('GET', path)
    .queryParams(query)
    .build();
};

/** Delete policies for a customer by the ids passed in the body. Result will be a list of deleted UUIDs */
export const actionDeletePoliciesIds = (params: UseDeletePoliciesIdsParams): Action<Array<schemas.Uuid> | unknown> => {
    const path = '/api/policies/v1.0/policies/ids';

    const query = {} as Record<string, any>;

    return actionBuilder('DELETE', path)
    .queryParams(query)
    .data(params.body)
    .build();
};

/** Enable/disable policies identified by list of uuid in body */
export const actionPostPoliciesIdsEnabled = (params: UsePostPoliciesIdsEnabledParams): Action<unknown> => {
    const path = '/api/policies/v1.0/policies/ids/enabled';

    const query = {} as Record<string, any>;
    query.enabled = params.enabled;

    return actionBuilder('POST', path)
    .queryParams(query)
    .data(params.body)
    .build();
};

/** Validates a Policy condition */
export const actionPostPoliciesValidate = (params: UsePostPoliciesValidateParams): Action<unknown> => {
    const path = '/api/policies/v1.0/policies/validate';

    const query = {} as Record<string, any>;

    return actionBuilder('POST', path)
    .queryParams(query)
    .data(params.body)
    .build();
};

/** Validates the Policy.name and verifies if it is unique. */
export const actionPostPoliciesValidateName = (params: UsePostPoliciesValidateNameParams): Action<unknown> => {
    const path = '/api/policies/v1.0/policies/validate-name';

    const query = {} as Record<string, any>;
    query.id = params.id;

    return actionBuilder('POST', path)
    .queryParams(query)
    .data(params.body)
    .build();
};

/** Retrieve a single policy for a customer by its id */
export const actionGetPoliciesById = (params: UseGetPoliciesByIdParams): Action<schemas.Policy | unknown> => {
    const path = '/api/policies/v1.0/policies/{id}'
    .replace('{id}', params.id.toString());

    const query = {} as Record<string, any>;

    return actionBuilder('GET', path)
    .queryParams(query)
    .build();
};

/** Delete a single policy for a customer by its id */
export const actionDeletePoliciesById = (params: UseDeletePoliciesByIdParams): Action<unknown> => {
    const path = '/api/policies/v1.0/policies/{id}'
    .replace('{id}', params.id.toString());

    const query = {} as Record<string, any>;

    return actionBuilder('DELETE', path)
    .queryParams(query)
    .build();
};

/** Enable/disable a policy */
export const actionPostPoliciesByIdEnabled = (params: UsePostPoliciesByIdEnabledParams): Action<unknown> => {
    const path = '/api/policies/v1.0/policies/{id}/enabled'
    .replace('{id}', params.id.toString());

    const query = {} as Record<string, any>;

    query.enabled = params.enabled;

    return actionBuilder('POST', path)
    .queryParams(query)
    .build();
};

/** Retrieve the trigger history of a single policy */
export const actionGetPoliciesByIdHistoryTrigger = (params: UseGetPoliciesByIdHistoryTriggerParams): Action<schemas.PagedResponseOfHistoryItem | unknown> => {
    const path = '/api/policies/v1.0/policies/{id}/history/trigger'
    .replace('{id}', params.id.toString());

    const query = {} as Record<string, any>;

    query['filter:op[id]'] = params.filterOpId;
    query['filter:op[name]'] = params.filterOpName;
    query['filter[id]'] = params.filterId;
    query['filter[name]'] = params.filterName;
    query.limit = params.limit;
    query.offset = params.offset;
    query.sortColumn = params.sortColumn;
    query.sortDirection = params.sortDirection;

    return actionBuilder('GET', path)
    .queryParams(query)
    .build();
};

/** Update a single policy for a customer by its id */
export const actionPutPoliciesByPolicyId = (params: UsePutPoliciesByPolicyIdParams): Action<{
  msg?: string;
} | unknown> => {
    const path = '/api/policies/v1.0/policies/{policyId}'
    .replace('{policyId}', params.policyId.toString());

    const query = {} as Record<string, any>;

    query.dry = params.dry;

    return actionBuilder('PUT', path)
    .queryParams(query)
    .data(params.body)
    .build();
};

export const actionGetStatus = (): Action<unknown> => {
    const path = '/api/policies/v1.0/status';

    const query = {} as Record<string, any>;

    return actionBuilder('GET', path)
    .queryParams(query)
    .build();
};

"
`;

exports[`src/cli/schema execute input file accepts path 1`] = `
"/**
* Generated code, DO NOT modify directly.
*/
/* eslint-disable @typescript-eslint/no-empty-interface */

export interface Fact {
  id?: number;
  name?: string;
  type?: FactType;
}

export enum FactType {
  BOOLEAN = 'BOOLEAN',
  INT = 'INT',
  LIST = 'LIST',
  STRING = 'STRING',
}

export interface HistoryItem {
  ctime?: number;
  hostName?: string;
  id?: string;
}

export type List = Array<{
}>;

export type ListHistoryItem = Array<HistoryItem>;

export type ListPolicy = Array<Policy>;

export type ListUUID = Array<string>;

export interface MapStringString {
  [key: string]: string;
}

export interface Meta {
  count?: number;
}

export interface PagedResponseOfHistoryItem {
  data?: ListHistoryItem;
  links?: MapStringString;
  meta?: Meta;
}

export interface PagedResponseOfPolicy {
  data?: ListPolicy;
  links?: MapStringString;
  meta?: Meta;
}

export interface Policy {
  actions?: string;
  conditions: string;
  ctime?: string;
  description?: string;
  id?: Uuid;
  isEnabled?: boolean;
  lastTriggered?: number;
  mtime?: string;
  name: string;
}

export type Uuid = string;

"
`;

exports[`src/cli/schema execute input file accepts path 2`] = `
"/**
* Generated code, DO NOT modify directly.
*/
/* eslint-disable max-len */

import { actionBuilder } from '@redhat-cloud-services/insights-common-typescript';
import { Action } from 'react-fetching-library';
import * as schemas from './Types';

export interface UseGetPoliciesParams {
    filterOpDescription?: 'equal' | 'like' | 'ilike' | 'not_equal';
    filterOpName?: 'equal' | 'like' | 'ilike' | 'not_equal';
    filterDescription?: string;
    filterIsEnabled?: 'true' | 'false';
    filterName?: string;
    limit?: number;
    offset?: number;
    sortColumn?: 'name' | 'description' | 'is_enabled' | 'mtime';
    sortDirection?: 'asc' | 'desc';
}

export interface UsePostPoliciesParams {
    body?: schemas.Policy;
    alsoStore?: boolean;
}

export interface UseGetPoliciesIdsParams {
    filterOpDescription?: 'equal' | 'like' | 'ilike' | 'not_equal';
    filterOpName?: 'equal' | 'like' | 'ilike' | 'not_equal';
    filterDescription?: string;
    filterIsEnabled?: 'true' | 'false';
    filterName?: string;
}

export interface UseDeletePoliciesIdsParams {
    body?: schemas.ListUUID;
}

export interface UsePostPoliciesIdsEnabledParams {
    body?: schemas.ListUUID;
    enabled?: boolean;
}

export interface UsePostPoliciesValidateParams {
    body?: schemas.Policy;
}

export interface UsePostPoliciesValidateNameParams {
    body?: string;
    id?: schemas.Uuid;
}

export interface UseGetPoliciesByIdParams {
    id: schemas.Uuid;
}

export interface UseDeletePoliciesByIdParams {
    id: schemas.Uuid;
}

export interface UsePostPoliciesByIdEnabledParams {
    id: schemas.Uuid;
    enabled?: boolean;
}

export interface UseGetPoliciesByIdHistoryTriggerParams {
    id: schemas.Uuid;
    filterOpId?: 'equal' | 'not_equal' | 'like';
    filterOpName?: 'equal' | 'like' | 'not_equal';
    filterId?: string;
    filterName?: string;
    limit?: number;
    offset?: number;
    sortColumn?: 'hostName' | 'id' | 'ctime';
    sortDirection?: 'asc' | 'desc';
}

export interface UsePutPoliciesByPolicyIdParams {
    body?: schemas.Policy;
    policyId: schemas.Uuid;
    dry?: boolean;
}

/** Just a filler to have a defined return code for the base path */
export const actionGet = (): Action<unknown> => {
    const path = '/api/policies/v1.0/';

    const query = {} as Record<string, any>;

    return actionBuilder('GET', path)
    .queryParams(query)
    .build();
};

/** Retrieve a list of fact (keys) along with their data types */
export const actionGetFacts = (): Action<Array<schemas.Fact> | unknown> => {
    const path = '/api/policies/v1.0/facts';

    const query = {} as Record<string, any>;

    return actionBuilder('GET', path)
    .queryParams(query)
    .build();
};

/** Return all policies for a given account */
export const actionGetPolicies = (params: UseGetPoliciesParams): Action<schemas.PagedResponseOfPolicy | unknown> => {
    const path = '/api/policies/v1.0/policies';

    const query = {} as Record<string, any>;
    query['filter:op[description]'] = params.filterOpDescription;
    query['filter:op[name]'] = params.filterOpName;
    query['filter[description]'] = params.filterDescription;
    query['filter[is_enabled]'] = params.filterIsEnabled;
    query['filter[name]'] = params.filterName;
    query.limit = params.limit;
    query.offset = params.offset;
    query.sortColumn = params.sortColumn;
    query.sortDirection = params.sortDirection;

    return actionBuilder('GET', path)
    .queryParams(query)
    .build();
};

/** Validate (and possibly persist) a passed policy for the given account */
export const actionPostPolicies = (params: UsePostPoliciesParams): Action<schemas.Policy | {
  msg?: string;
} | {
  msg?: string;
} | unknown> => {
    const path = '/api/policies/v1.0/policies';

    const query = {} as Record<string, any>;
    query.alsoStore = params.alsoStore;

    return actionBuilder('POST', path)
    .queryParams(query)
    .data(params.body)
    .build();
};

/** Return all policy ids for a given account after applying the filters */
export const actionGetPoliciesIds = (params: UseGetPoliciesIdsParams): Action<schemas.List | unknown> => {
    const path = '/api/policies/v1.0/policies/ids';

    const query = {} as Record<string, any>;
    query['filter:op[description]'] = params.filterOpDescription;
    query['filter:op[name]'] = params.filterOpName;
    query['filter[description]'] = params.filterDescription;
    query['filter[is_enabled]'] = params.filterIsEnabled;
    query['filter[name]'] = params.filterName;

    return actionBuilder('GET', path)
    .queryParams(query)
    .build();
};

/** Delete policies for a customer by the ids passed in the body. Result will be a list of deleted UUIDs */
export const actionDeletePoliciesIds = (params: UseDeletePoliciesIdsParams): Action<Array<schemas.Uuid> | unknown> => {
    const path = '/api/policies/v1.0/policies/ids';

    const query = {} as Record<string, any>;

    return actionBuilder('DELETE', path)
    .queryParams(query)
    .data(params.body)
    .build();
};

/** Enable/disable policies identified by list of uuid in body */
export const actionPostPoliciesIdsEnabled = (params: UsePostPoliciesIdsEnabledParams): Action<unknown> => {
    const path = '/api/policies/v1.0/policies/ids/enabled';

    const query = {} as Record<string, any>;
    query.enabled = params.enabled;

    return actionBuilder('POST', path)
    .queryParams(query)
    .data(params.body)
    .build();
};

/** Validates a Policy condition */
export const actionPostPoliciesValidate = (params: UsePostPoliciesValidateParams): Action<unknown> => {
    const path = '/api/policies/v1.0/policies/validate';

    const query = {} as Record<string, any>;

    return actionBuilder('POST', path)
    .queryParams(query)
    .data(params.body)
    .build();
};

/** Validates the Policy.name and verifies if it is unique. */
export const actionPostPoliciesValidateName = (params: UsePostPoliciesValidateNameParams): Action<unknown> => {
    const path = '/api/policies/v1.0/policies/validate-name';

    const query = {} as Record<string, any>;
    query.id = params.id;

    return actionBuilder('POST', path)
    .queryParams(query)
    .data(params.body)
    .build();
};

/** Retrieve a single policy for a customer by its id */
export const actionGetPoliciesById = (params: UseGetPoliciesByIdParams): Action<schemas.Policy | unknown> => {
    const path = '/api/policies/v1.0/policies/{id}'
    .replace('{id}', params.id.toString());

    const query = {} as Record<string, any>;

    return actionBuilder('GET', path)
    .queryParams(query)
    .build();
};

/** Delete a single policy for a customer by its id */
export const actionDeletePoliciesById = (params: UseDeletePoliciesByIdParams): Action<unknown> => {
    const path = '/api/policies/v1.0/policies/{id}'
    .replace('{id}', params.id.toString());

    const query = {} as Record<string, any>;

    return actionBuilder('DELETE', path)
    .queryParams(query)
    .build();
};

/** Enable/disable a policy */
export const actionPostPoliciesByIdEnabled = (params: UsePostPoliciesByIdEnabledParams): Action<unknown> => {
    const path = '/api/policies/v1.0/policies/{id}/enabled'
    .replace('{id}', params.id.toString());

    const query = {} as Record<string, any>;

    query.enabled = params.enabled;

    return actionBuilder('POST', path)
    .queryParams(query)
    .build();
};

/** Retrieve the trigger history of a single policy */
export const actionGetPoliciesByIdHistoryTrigger = (params: UseGetPoliciesByIdHistoryTriggerParams): Action<schemas.PagedResponseOfHistoryItem | unknown> => {
    const path = '/api/policies/v1.0/policies/{id}/history/trigger'
    .replace('{id}', params.id.toString());

    const query = {} as Record<string, any>;

    query['filter:op[id]'] = params.filterOpId;
    query['filter:op[name]'] = params.filterOpName;
    query['filter[id]'] = params.filterId;
    query['filter[name]'] = params.filterName;
    query.limit = params.limit;
    query.offset = params.offset;
    query.sortColumn = params.sortColumn;
    query.sortDirection = params.sortDirection;

    return actionBuilder('GET', path)
    .queryParams(query)
    .build();
};

/** Update a single policy for a customer by its id */
export const actionPutPoliciesByPolicyId = (params: UsePutPoliciesByPolicyIdParams): Action<{
  msg?: string;
} | unknown> => {
    const path = '/api/policies/v1.0/policies/{policyId}'
    .replace('{policyId}', params.policyId.toString());

    const query = {} as Record<string, any>;

    query.dry = params.dry;

    return actionBuilder('PUT', path)
    .queryParams(query)
    .data(params.body)
    .build();
};

export const actionGetStatus = (): Action<unknown> => {
    const path = '/api/policies/v1.0/status';

    const query = {} as Record<string, any>;

    return actionBuilder('GET', path)
    .queryParams(query)
    .build();
};

"
`;
